<html>
<body>
<pre>
<h1>µVision Build Log</h1>
<h2>Tool Versions:</h2>
IDE-Version: µVision V5.38.0.0
Copyright (C) 2022 ARM Ltd and ARM Germany GmbH. All rights reserved.
License Information: Bartosz Pi¹tek, Silesian university Of Technology, LIC=----
 
Tool Versions:
Toolchain:       MDK-Lite  Version: 5.38.0.0
Toolchain Path:  C:\Keil_v5\ARM\ARMCLANG\Bin
C Compiler:      ArmClang.exe V6.19
Assembler:       Armasm.exe V6.19
Linker/Locator:  ArmLink.exe V6.19
Library Manager: ArmAr.exe V6.19
Hex Converter:   FromElf.exe V6.19
CPU DLL:         SARMCM3.DLL V5.38.0.0
Dialog DLL:      DCM.DLL V1.17.5.0
Target DLL:      STLink\ST-LINKIII-KEIL_SWO.dll V3.1.0.0
Dialog DLL:      TCM.DLL V1.56.4.0
 
<h2>Project:</h2>
C:\Users\Bartek\Desktop\programowanie\stm32\STM32-F429ZI-SPI\NoHALApproach\stm32-f492zi-SPI_No_HAL.uvprojx
Project File Date:  08/27/2023

<h2>Output:</h2>
*** Using Compiler 'V6.19', folder: 'C:\Keil_v5\ARM\ARMCLANG\Bin'
Build target 'Target 1'
main.cpp(15): warning: variable 'rxd' set but not used [-Wunused-but-set-variable]
        uint16_t rxd = 0;
                 ^
main.cpp(34): warning: 'return' will never be executed [-Wunreachable-code-return]
        return 0;
               ^
main.cpp(55): warning: use of old-style cast [-Wold-style-cast]
        RCC->AHB1ENR |= ((1u << 1)                      //ENABLE GPIOA CLOCK
        ^~~
C:/Users/Bartek/AppData/Local/Arm/Packs/Keil/STM32F4xx_DFP/2.17.1/Drivers/CMSIS/Device/ST/STM32F4xx/Include\stm32f429xx.h(1260): note: expanded from macro 'RCC'
#define RCC                 ((RCC_TypeDef *) RCC_BASE)
                             ^               ~~~~~~~~
main.cpp(59): warning: use of old-style cast [-Wold-style-cast]
  RCC->APB2ENR |= (1u << 12);                   //ENABLE SPI1 CLOCK
  ^~~
C:/Users/Bartek/AppData/Local/Arm/Packs/Keil/STM32F4xx_DFP/2.17.1/Drivers/CMSIS/Device/ST/STM32F4xx/Include\stm32f429xx.h(1260): note: expanded from macro 'RCC'
#define RCC                 ((RCC_TypeDef *) RCC_BASE)
                             ^               ~~~~~~~~
main.cpp(73): warning: use of old-style cast [-Wold-style-cast]
        GPIOA->MODER &= ~(3u << (2 * 4));               // Reset PA4
        ^~~~~
C:/Users/Bartek/AppData/Local/Arm/Packs/Keil/STM32F4xx_DFP/2.17.1/Drivers/CMSIS/Device/ST/STM32F4xx/Include\stm32f429xx.h(1248): note: expanded from macro 'GPIOA'
#define GPIOA               ((GPIO_TypeDef *) GPIOA_BASE)
                             ^                ~~~~~~~~~~
main.cpp(75): warning: use of old-style cast [-Wold-style-cast]
        GPIOB->MODER &= ~((3u << (2 * 3))                       // Reset PB3
        ^~~~~
C:/Users/Bartek/AppData/Local/Arm/Packs/Keil/STM32F4xx_DFP/2.17.1/Drivers/CMSIS/Device/ST/STM32F4xx/Include\stm32f429xx.h(1249): note: expanded from macro 'GPIOB'
#define GPIOB               ((GPIO_TypeDef *) GPIOB_BASE)
                             ^                ~~~~~~~~~~
main.cpp(81): warning: use of old-style cast [-Wold-style-cast]
        GPIOA->MODER |= (2u << (2 * 4));                // Set PA4
        ^~~~~
C:/Users/Bartek/AppData/Local/Arm/Packs/Keil/STM32F4xx_DFP/2.17.1/Drivers/CMSIS/Device/ST/STM32F4xx/Include\stm32f429xx.h(1248): note: expanded from macro 'GPIOA'
#define GPIOA               ((GPIO_TypeDef *) GPIOA_BASE)
                             ^                ~~~~~~~~~~
main.cpp(83): warning: use of old-style cast [-Wold-style-cast]
        GPIOB->MODER |= ((2u << (2 * 3))                        // Set PB3
        ^~~~~
C:/Users/Bartek/AppData/Local/Arm/Packs/Keil/STM32F4xx_DFP/2.17.1/Drivers/CMSIS/Device/ST/STM32F4xx/Include\stm32f429xx.h(1249): note: expanded from macro 'GPIOB'
#define GPIOB               ((GPIO_TypeDef *) GPIOB_BASE)
                             ^                ~~~~~~~~~~
main.cpp(93): warning: use of old-style cast [-Wold-style-cast]
        GPIOA->AFR[0] &= ~(15u << (2 * 4));                     // Reset PA4
        ^~~~~
C:/Users/Bartek/AppData/Local/Arm/Packs/Keil/STM32F4xx_DFP/2.17.1/Drivers/CMSIS/Device/ST/STM32F4xx/Include\stm32f429xx.h(1248): note: expanded from macro 'GPIOA'
#define GPIOA               ((GPIO_TypeDef *) GPIOA_BASE)
                             ^                ~~~~~~~~~~
main.cpp(95): warning: use of old-style cast [-Wold-style-cast]
        GPIOB->AFR[0] &= ~((15u << (2 * 3))                     // Reset PB3
        ^~~~~
C:/Users/Bartek/AppData/Local/Arm/Packs/Keil/STM32F4xx_DFP/2.17.1/Drivers/CMSIS/Device/ST/STM32F4xx/Include\stm32f429xx.h(1249): note: expanded from macro 'GPIOB'
#define GPIOB               ((GPIO_TypeDef *) GPIOB_BASE)
                             ^                ~~~~~~~~~~
main.cpp(101): warning: use of old-style cast [-Wold-style-cast]
        GPIOA->AFR[0] |= (5u << (2 * 4));               // Set PA4
        ^~~~~
C:/Users/Bartek/AppData/Local/Arm/Packs/Keil/STM32F4xx_DFP/2.17.1/Drivers/CMSIS/Device/ST/STM32F4xx/Include\stm32f429xx.h(1248): note: expanded from macro 'GPIOA'
#define GPIOA               ((GPIO_TypeDef *) GPIOA_BASE)
                             ^                ~~~~~~~~~~
main.cpp(103): warning: use of old-style cast [-Wold-style-cast]
        GPIOB->AFR[0] |= ((5u << (2 * 3))                       // Set PB3
        ^~~~~
C:/Users/Bartek/AppData/Local/Arm/Packs/Keil/STM32F4xx_DFP/2.17.1/Drivers/CMSIS/Device/ST/STM32F4xx/Include\stm32f429xx.h(1249): note: expanded from macro 'GPIOB'
#define GPIOB               ((GPIO_TypeDef *) GPIOB_BASE)
                             ^                ~~~~~~~~~~
main.cpp(112): warning: use of old-style cast [-Wold-style-cast]
        SPI1->CR1 &= ~((1u << 15)                       // Full duplex
        ^~~~
C:/Users/Bartek/AppData/Local/Arm/Packs/Keil/STM32F4xx_DFP/2.17.1/Drivers/CMSIS/Device/ST/STM32F4xx/Include\stm32f429xx.h(1233): note: expanded from macro 'SPI1'
#define SPI1                ((SPI_TypeDef *) SPI1_BASE)
                             ^               ~~~~~~~~~
main.cpp(123): warning: use of old-style cast [-Wold-style-cast]
        SPI1->CR1 |= ((1u << 11)                        // Set 16-bit received data
        ^~~~
C:/Users/Bartek/AppData/Local/Arm/Packs/Keil/STM32F4xx_DFP/2.17.1/Drivers/CMSIS/Device/ST/STM32F4xx/Include\stm32f429xx.h(1233): note: expanded from macro 'SPI1'
#define SPI1                ((SPI_TypeDef *) SPI1_BASE)
                             ^               ~~~~~~~~~
main.cpp(130): warning: use of old-style cast [-Wold-style-cast]
        SPI1->CR2 &= ~((1u << 7)                        // No Tx buffer empty interrupt
        ^~~~
C:/Users/Bartek/AppData/Local/Arm/Packs/Keil/STM32F4xx_DFP/2.17.1/Drivers/CMSIS/Device/ST/STM32F4xx/Include\stm32f429xx.h(1233): note: expanded from macro 'SPI1'
#define SPI1                ((SPI_TypeDef *) SPI1_BASE)
                             ^               ~~~~~~~~~
main.cpp(139): warning: use of old-style cast [-Wold-style-cast]
        SPI1->CR2 |= (1u << 2);                 // No multimaster configuration
        ^~~~
C:/Users/Bartek/AppData/Local/Arm/Packs/Keil/STM32F4xx_DFP/2.17.1/Drivers/CMSIS/Device/ST/STM32F4xx/Include\stm32f429xx.h(1233): note: expanded from macro 'SPI1'
#define SPI1                ((SPI_TypeDef *) SPI1_BASE)
                             ^               ~~~~~~~~~
main.cpp(148): warning: use of old-style cast [-Wold-style-cast]
        SPI1->CR1 |= (1u << 6);
        ^~~~
C:/Users/Bartek/AppData/Local/Arm/Packs/Keil/STM32F4xx_DFP/2.17.1/Drivers/CMSIS/Device/ST/STM32F4xx/Include\stm32f429xx.h(1233): note: expanded from macro 'SPI1'
#define SPI1                ((SPI_TypeDef *) SPI1_BASE)
                             ^               ~~~~~~~~~
main.cpp(151): warning: use of old-style cast [-Wold-style-cast]
        SPI1->DR = (uint16_t) tx_data;
        ^~~~
C:/Users/Bartek/AppData/Local/Arm/Packs/Keil/STM32F4xx_DFP/2.17.1/Drivers/CMSIS/Device/ST/STM32F4xx/Include\stm32f429xx.h(1233): note: expanded from macro 'SPI1'
#define SPI1                ((SPI_TypeDef *) SPI1_BASE)
                             ^               ~~~~~~~~~
main.cpp(151): warning: use of old-style cast [-Wold-style-cast]
        SPI1->DR = (uint16_t) tx_data;
                   ^          ~~~~~~~
main.cpp(154): warning: use of old-style cast [-Wold-style-cast]
        while ( ((SPI1->SR) & (1u << 7) | (!(SPI1->SR) & (1u << 0))) );
                  ^~~~
C:/Users/Bartek/AppData/Local/Arm/Packs/Keil/STM32F4xx_DFP/2.17.1/Drivers/CMSIS/Device/ST/STM32F4xx/Include\stm32f429xx.h(1233): note: expanded from macro 'SPI1'
#define SPI1                ((SPI_TypeDef *) SPI1_BASE)
                             ^               ~~~~~~~~~
main.cpp(154): warning: use of old-style cast [-Wold-style-cast]
        while ( ((SPI1->SR) & (1u << 7) | (!(SPI1->SR) & (1u << 0))) );
                                             ^~~~
C:/Users/Bartek/AppData/Local/Arm/Packs/Keil/STM32F4xx_DFP/2.17.1/Drivers/CMSIS/Device/ST/STM32F4xx/Include\stm32f429xx.h(1233): note: expanded from macro 'SPI1'
#define SPI1                ((SPI_TypeDef *) SPI1_BASE)
                             ^               ~~~~~~~~~
main.cpp(154): warning: logical not is only applied to the left hand side of this bitwise operator [-Wlogical-not-parentheses]
        while ( ((SPI1->SR) & (1u << 7) | (!(SPI1->SR) & (1u << 0))) );
                                           ^           ~
main.cpp(154): note: add parentheses after the '!' to evaluate the bitwise operator first
        while ( ((SPI1->SR) & (1u << 7) | (!(SPI1->SR) & (1u << 0))) );
                                           ^
                                            (                     )
main.cpp(154): note: add parentheses around left hand side expression to silence this warning
        while ( ((SPI1->SR) & (1u << 7) | (!(SPI1->SR) & (1u << 0))) );
                                           ^
                                           (          )
main.cpp(154): warning: '&' within '|' [-Wbitwise-op-parentheses]
        while ( ((SPI1->SR) & (1u << 7) | (!(SPI1->SR) & (1u << 0))) );
                 ~~~~~~~~~~~^~~~~~~~~~~ ~
main.cpp(154): note: place parentheses around the '&' expression to silence this warning
        while ( ((SPI1->SR) & (1u << 7) | (!(SPI1->SR) & (1u << 0))) );
                            ^
                 (                     )
main.cpp(157): warning: use of old-style cast [-Wold-style-cast]
        rx_data = SPI1->DR;
                  ^~~~
C:/Users/Bartek/AppData/Local/Arm/Packs/Keil/STM32F4xx_DFP/2.17.1/Drivers/CMSIS/Device/ST/STM32F4xx/Include\stm32f429xx.h(1233): note: expanded from macro 'SPI1'
#define SPI1                ((SPI_TypeDef *) SPI1_BASE)
                             ^               ~~~~~~~~~
main.cpp(157): warning: implicit conversion loses integer precision: 'volatile uint32_t' (aka 'volatile unsigned int') to 'uint8_t' (aka 'unsigned char') [-Wimplicit-int-conversion]
        rx_data = SPI1->DR;
                ~ ~~~~~~^~
main.cpp(160): warning: use of old-style cast [-Wold-style-cast]
        SPI1->CR1 &= ~(1u << 6);
        ^~~~
C:/Users/Bartek/AppData/Local/Arm/Packs/Keil/STM32F4xx_DFP/2.17.1/Drivers/CMSIS/Device/ST/STM32F4xx/Include\stm32f429xx.h(1233): note: expanded from macro 'SPI1'
#define SPI1                ((SPI_TypeDef *) SPI1_BASE)
                             ^               ~~~~~~~~~
26 warnings generated.
compiling main.cpp...
linking...
Program Size: Code=680 RO-data=444 RW-data=0 ZI-data=1632  
".\Objects\stm32-f492zi-SPI_No_HAL.axf" - 0 Error(s), 26 Warning(s).

<h2>Software Packages used:</h2>

Package Vendor: ARM
                http://www.keil.com/pack/ARM.CMSIS.5.9.0.pack
                ARM.CMSIS.5.9.0
                CMSIS (Common Microcontroller Software Interface Standard)
   * Component: CORE Version: 5.6.0

Package Vendor: Keil
                https://www.keil.com/pack/Keil.STM32F4xx_DFP.2.17.1.pack
                Keil.STM32F4xx_DFP.2.17.1
                STMicroelectronics STM32F4 Series Device Support, Drivers and Examples
   * Component: Startup Version: 2.6.3

<h2>Collection of Component include folders:</h2>
  ./RTE/_Target_1
  C:/Users/Bartek/AppData/Local/Arm/Packs/ARM/CMSIS/5.9.0/CMSIS/Core/Include
  C:/Users/Bartek/AppData/Local/Arm/Packs/Keil/STM32F4xx_DFP/2.17.1/Drivers/CMSIS/Device/ST/STM32F4xx/Include

<h2>Collection of Component Files used:</h2>

   * Component: ARM::CMSIS:CORE:5.6.0

   * Component: Keil::Device:Startup:2.6.3
      Source file:   MDK/Device/Source/ARM/STM32F4xx_OTP.s
      Include file:  Drivers/CMSIS/Device/ST/STM32F4xx/Include/stm32f4xx.h
      Source file:   MDK/Device/Source/ARM/STM32F42xxx_43xxx_OPT.s
      Source file:   Drivers/CMSIS/Device/ST/STM32F4xx/Source/Templates/arm/startup_stm32f429xx.s
      Source file:   Drivers/CMSIS/Device/ST/STM32F4xx/Source/Templates/system_stm32f4xx.c
Build Time Elapsed:  00:00:02
</pre>
</body>
</html>
